// Jest Snapshot v1, https://goo.gl/fbAQLP

exports[`CSVReader should match snapshot 1`] = `
Array [
  <input
    accept="text/csv, .csv, application/vnd.ms-excel"
    autoComplete="off"
    multiple={false}
    onChange={[Function]}
    onClick={[Function]}
    required={false}
    style={
      Object {
        "display": "none",
      }
    }
    tabIndex={-1}
    type="file"
  />,
  <div>
    <button
      onBlur={[Function]}
      onClick={[Function]}
      onDragEnter={[Function]}
      onDragLeave={[Function]}
      onDragOver={[Function]}
      onDrop={[Function]}
      onFocus={[Function]}
      onKeyDown={[Function]}
      type="button"
    >
      Chargez votre offre
    </button>
    <div />
    <button
      onClick={[Function]}
    >
      Remove
    </button>
  </div>,
  <span
    style={
      Object {
        "backgroundColor": "#659cef",
        "borderRadius": 3,
        "bottom": 14,
        "boxShadow": "inset 0 1px 3px rgba(0, 0, 0, .2)",
        "display": "none",
        "height": 10,
        "transition": "width 500ms ease-in-out",
        "width": "0%",
      }
    }
  />,
]
`;
